$ git diff

$ git diff --staged
//this is blank as nothing is in the satage yet

$ git add file.txt

$ git diff

$ git diff --staged
diff --git a/file.txt b/file.txt
new file mode 100644
index 0000000..eb36c22
--- /dev/null
+++ b/file.txt
@@ -0,0 +1,2 @@
+echo 2  > file.txt


$ git diff
diff --git a/file.txt b/file.txt
index eb36c22..6a5f629 100644
--- a/file.txt
+++ b/file.txt
@@ -1,2 +1,2 @@
-echo 2  > file.txt
+echo 3  > file.txt



$ git diff --staged
diff --git a/file.txt b/file.txt
new file mode 100644
index 0000000..eb36c22
--- /dev/null
+++ b/file.txt
@@ -0,0 +1,2 @@
+echo 2  > file.txt
+


$ git status
On branch main
Your branch is up to date with 'origin/main'.

Changes to be committed:
  (use "git restore --staged <file>..." to unstage)
        new file:   file.txt

Changes not staged for commit:
  (use "git add <file>..." to update what will be committed)
  (use "git restore <file>..." to discard changes in working directory)
        modified:   file.txt



$ git restore --staged file.txt

$ git status
On branch main
Your branch is up to date with 'origin/main'.

Untracked files:
  (use "git add <file>..." to include in what will be committed)
        file.txt

nothing added to commit but untracked files present (use "git add" to track)


$ git add .

$ git commit -m "staging"
[main 8928014] staging
 1 file changed, 2 insertions(+)
 create mode 100644 file.txt


$git log
commit 8928014c5cf71f2f92d790e4ee09fdfc3ec524ff (HEAD -> main)
Author: Maram Naqeeb <maramnaqib1998@gmail.com>
Date:   Tue Oct 10 15:18:09 2023 +0300

    staging


$ git status
On branch main
Your branch is ahead of 'origin/main' by 1 commit.
  (use "git push" to publish your local commits)

Changes not staged for commit:
  (use "git add <file>..." to update what will be committed)
  (use "git restore <file>..." to discard changes in working directory)
        modified:   file.txt

no changes added to commit (use "git add" and/or "git commit -a")


$ git restore file.txt
the content: echo 3 > file.txt

$ git status
On branch main
Your branch is ahead of 'origin/main' by 1 commit.
  (use "git push" to publish your local commits)

nothing to commit, working tree clean


